Godt-og-blandet
Hva/hvem er Hugin og Munin?
.Tor med hammerens hester
..Ravnene til Odin
.Knyttnevene til Dalby
.Bikkjene til Ari Behn
Hva slags kategori faller Pluto innunder?
.Planet
..Dvergplanet
.Exoplanet
.Brun dverg
